
> copia-water@0.1.0 build
> next build

  Γû▓ Next.js 14.2.35
  - Environments: .env.local

   Creating an optimized production build ...
 Γ£ô Compiled successfully
   Linting and checking validity of types ...
node.exe : 
At C:\Program 
Files\nodejs\npm.ps1:29 
char:3
+   & $NODE_EXE $NPM_CLI_JS 
$args
+   ~~~~~~~~~~~~~~~~~~~~~~~~
~~~~~
    + CategoryInfo          
    : NotSpecified: (:Stri  
  ng) [], RemoteException
    + FullyQualifiedErrorId 
    : NativeCommandError
 
Failed to compile.

./src/app/about/page.tsx
42:120  Error: `'` can be 
escaped with `&apos;`, 
`&lsquo;`, `&#39;`, 
`&rsquo;`.  
react/no-unescaped-entities
94:104  Error: `'` can be 
escaped with `&apos;`, 
`&lsquo;`, `&#39;`, 
`&rsquo;`.  
react/no-unescaped-entities
94:145  Error: `'` can be 
escaped with `&apos;`, 
`&lsquo;`, `&#39;`, 
`&rsquo;`.  
react/no-unescaped-entities
97:222  Error: `'` can be 
escaped with `&apos;`, 
`&lsquo;`, `&#39;`, 
`&rsquo;`.  
react/no-unescaped-entities

./src/app/admin/submissions/
page.tsx
54:85  Error: Unexpected 
any. Specify a different 
type.  @typescript-eslint/no
-explicit-any
92:69  Error: Unexpected 
any. Specify a different 
type.  @typescript-eslint/no
-explicit-any

./src/app/api/contact/route.
ts
21:11  Error: 'newContact' 
is assigned a value but 
never used.  @typescript-esl
int/no-unused-vars
85:19  Error: Unexpected 
any. Specify a different 
type.  @typescript-eslint/no
-explicit-any
90:62  Error: Unexpected 
any. Specify a different 
type.  @typescript-eslint/no
-explicit-any
124:19  Error: Unexpected 
any. Specify a different 
type.  @typescript-eslint/no
-explicit-any
145:14  Error: 'error' is 
defined but never used.  @ty
pescript-eslint/no-unused-va
rs

./src/app/contact/page.tsx
41:25  Error: Unexpected 
any. Specify a different 
type.  @typescript-eslint/no
-explicit-any
93:176  Error: `'` can be 
escaped with `&apos;`, 
`&lsquo;`, `&#39;`, 
`&rsquo;`.  
react/no-unescaped-entities
133:93  Error: `'` can be 
escaped with `&apos;`, 
`&lsquo;`, `&#39;`, 
`&rsquo;`.  
react/no-unescaped-entities

./src/app/page.tsx
3:17  Error: 'useState' is 
defined but never used.  @ty
pescript-eslint/no-unused-va
rs
3:27  Error: 'useEffect' is 
defined but never used.  @ty
pescript-eslint/no-unused-va
rs
4:18  Error: 
'AnimatePresence' is 
defined but never used.  @ty
pescript-eslint/no-unused-va
rs

./src/app/template.tsx
3:18  Error: 
'AnimatePresence' is 
defined but never used.  @ty
pescript-eslint/no-unused-va
rs

./src/components/CTA.tsx
4:18  Error: 'useScroll' is 
defined but never used.  @ty
pescript-eslint/no-unused-va
rs
4:29  Error: 'useTransform' 
is defined but never used.  
@typescript-eslint/no-unused
-vars
6:24  Error: 
'MessageCircle' is defined 
but never used.  @typescript
-eslint/no-unused-vars

./src/components/Footer.tsx
26:29  Warning: Using 
`<img>` could result in 
slower LCP and higher 
bandwidth. Consider using 
`<Image />` from 
`next/image` to 
automatically optimize 
images. This may incur 
additional usage or cost 
from your provider. See: htt
ps://nextjs.org/docs/message
s/no-img-element  
@next/next/no-img-element

./src/components/Hero.tsx
6:10  Error: 'ChevronRight' 
is defined but never used.  
@typescript-eslint/no-unused
-vars

./src/components/Navbar.tsx
38:21  Warning: Using 
`<img>` could result in 
slower LCP and higher 
bandwidth. Consider using 
`<Image />` from 
`next/image` to 
automatically optimize 
images. This may incur 
additional usage or cost 
from your provider. See: htt
ps://nextjs.org/docs/message
s/no-img-element  
@next/next/no-img-element

./src/components/ParallaxSec
tion.tsx
4:18  Error: 'useScroll' is 
defined but never used.  @ty
pescript-eslint/no-unused-va
rs
4:29  Error: 'useTransform' 
is defined but never used.  
@typescript-eslint/no-unused
-vars
13:65  Error: Unexpected 
any. Specify a different 
type.  @typescript-eslint/no
-explicit-any
42:35  Error: 'title' is 
defined but never used.  @ty
pescript-eslint/no-unused-va
rs

./src/components/ProductCard
.tsx
5:18  Error: 'useScroll' is 
defined but never used.  @ty
pescript-eslint/no-unused-va
rs
5:29  Error: 'useTransform' 
is defined but never used.  
@typescript-eslint/no-unused
-vars
6:30  Error: 'ChevronRight' 
is defined but never used.  
@typescript-eslint/no-unused
-vars
8:10  Error: 'cn' is 
defined but never used.  @ty
pescript-eslint/no-unused-va
rs

./src/components/WhyChoose.t
sx
6:10  Error: 'cn' is 
defined but never used.  @ty
pescript-eslint/no-unused-va
rs
9:11  Error: Unexpected 
any. Specify a different 
type.  @typescript-eslint/no
-explicit-any

./src/lib/mongodb.ts
11:25  Error: Unexpected 
any. Specify a different 
type.  @typescript-eslint/no
-explicit-any
14:25  Error: Unexpected 
any. Specify a different 
type.  @typescript-eslint/no
-explicit-any

info  - Need to disable 
some ESLint rules? Learn 
more here: https://nextjs.or
g/docs/basic-features/eslint
#disabling-rules
